mode: set
ProyectoFinal/internal/handler/section/section_handler.go:16.67,18.2 1 1
ProyectoFinal/internal/handler/section/section_handler.go:27.52,28.54 1 1
ProyectoFinal/internal/handler/section/section_handler.go:28.54,30.17 2 1
ProyectoFinal/internal/handler/section/section_handler.go:30.17,33.4 2 0
ProyectoFinal/internal/handler/section/section_handler.go:35.3,36.36 2 1
ProyectoFinal/internal/handler/section/section_handler.go:36.36,38.4 1 1
ProyectoFinal/internal/handler/section/section_handler.go:40.3,43.40 2 1
ProyectoFinal/internal/handler/section/section_handler.go:49.53,50.54 1 1
ProyectoFinal/internal/handler/section/section_handler.go:50.54,52.17 2 1
ProyectoFinal/internal/handler/section/section_handler.go:52.17,55.4 2 1
ProyectoFinal/internal/handler/section/section_handler.go:57.3,58.17 2 1
ProyectoFinal/internal/handler/section/section_handler.go:58.17,61.4 2 1
ProyectoFinal/internal/handler/section/section_handler.go:63.3,65.5 1 1
ProyectoFinal/internal/handler/section/section_handler.go:71.52,72.54 1 1
ProyectoFinal/internal/handler/section/section_handler.go:72.54,75.51 2 1
ProyectoFinal/internal/handler/section/section_handler.go:75.51,79.4 3 0
ProyectoFinal/internal/handler/section/section_handler.go:81.3,81.67 1 1
ProyectoFinal/internal/handler/section/section_handler.go:81.67,84.4 2 1
ProyectoFinal/internal/handler/section/section_handler.go:86.3,89.17 3 1
ProyectoFinal/internal/handler/section/section_handler.go:89.17,92.4 2 1
ProyectoFinal/internal/handler/section/section_handler.go:94.3,96.5 1 1
ProyectoFinal/internal/handler/section/section_handler.go:103.52,104.54 1 1
ProyectoFinal/internal/handler/section/section_handler.go:104.54,106.17 2 1
ProyectoFinal/internal/handler/section/section_handler.go:106.17,109.4 2 1
ProyectoFinal/internal/handler/section/section_handler.go:111.3,113.51 2 1
ProyectoFinal/internal/handler/section/section_handler.go:113.51,117.4 3 1
ProyectoFinal/internal/handler/section/section_handler.go:119.3,119.67 1 1
ProyectoFinal/internal/handler/section/section_handler.go:119.67,122.4 2 1
ProyectoFinal/internal/handler/section/section_handler.go:124.3,125.17 2 1
ProyectoFinal/internal/handler/section/section_handler.go:125.17,128.4 2 1
ProyectoFinal/internal/handler/section/section_handler.go:130.3,132.5 1 1
ProyectoFinal/internal/handler/section/section_handler.go:138.52,139.54 1 1
ProyectoFinal/internal/handler/section/section_handler.go:139.54,141.17 2 1
ProyectoFinal/internal/handler/section/section_handler.go:141.17,144.4 2 1
ProyectoFinal/internal/handler/section/section_handler.go:146.3,147.17 2 1
ProyectoFinal/internal/handler/section/section_handler.go:147.17,150.4 2 1
ProyectoFinal/internal/handler/section/section_handler.go:152.3,152.38 1 1
