mode: set
ProyectoFinal/internal/handler/section/section_handler.go:16.67,18.2 1 1
ProyectoFinal/internal/handler/section/section_handler.go:27.52,28.54 1 1
ProyectoFinal/internal/handler/section/section_handler.go:28.54,30.17 2 1
ProyectoFinal/internal/handler/section/section_handler.go:30.17,33.4 2 0
ProyectoFinal/internal/handler/section/section_handler.go:35.3,36.36 2 1
ProyectoFinal/internal/handler/section/section_handler.go:36.36,38.4 1 1
ProyectoFinal/internal/handler/section/section_handler.go:40.3,43.40 2 1
ProyectoFinal/internal/handler/section/section_handler.go:49.53,50.54 1 1
ProyectoFinal/internal/handler/section/section_handler.go:50.54,52.17 2 1
ProyectoFinal/internal/handler/section/section_handler.go:52.17,55.4 2 1
ProyectoFinal/internal/handler/section/section_handler.go:57.3,58.17 2 1
ProyectoFinal/internal/handler/section/section_handler.go:58.17,61.4 2 1
ProyectoFinal/internal/handler/section/section_handler.go:63.3,65.5 1 1
ProyectoFinal/internal/handler/section/section_handler.go:71.52,72.54 1 1
ProyectoFinal/internal/handler/section/section_handler.go:72.54,75.51 2 1
ProyectoFinal/internal/handler/section/section_handler.go:75.51,79.4 3 0
ProyectoFinal/internal/handler/section/section_handler.go:81.3,81.67 1 1
ProyectoFinal/internal/handler/section/section_handler.go:81.67,84.4 2 1
ProyectoFinal/internal/handler/section/section_handler.go:86.3,89.17 3 1
ProyectoFinal/internal/handler/section/section_handler.go:89.17,92.4 2 1
ProyectoFinal/internal/handler/section/section_handler.go:94.3,96.5 1 1
ProyectoFinal/internal/handler/section/section_handler.go:103.52,104.54 1 1
ProyectoFinal/internal/handler/section/section_handler.go:104.54,106.17 2 1
ProyectoFinal/internal/handler/section/section_handler.go:106.17,109.4 2 1
ProyectoFinal/internal/handler/section/section_handler.go:111.3,113.51 2 1
ProyectoFinal/internal/handler/section/section_handler.go:113.51,117.4 3 1
ProyectoFinal/internal/handler/section/section_handler.go:119.3,119.67 1 1
ProyectoFinal/internal/handler/section/section_handler.go:119.67,122.4 2 1
ProyectoFinal/internal/handler/section/section_handler.go:124.3,125.17 2 1
ProyectoFinal/internal/handler/section/section_handler.go:125.17,128.4 2 1
ProyectoFinal/internal/handler/section/section_handler.go:130.3,132.5 1 1
ProyectoFinal/internal/handler/section/section_handler.go:138.52,139.54 1 1
ProyectoFinal/internal/handler/section/section_handler.go:139.54,141.17 2 1
ProyectoFinal/internal/handler/section/section_handler.go:141.17,144.4 2 1
ProyectoFinal/internal/handler/section/section_handler.go:146.3,147.17 2 1
ProyectoFinal/internal/handler/section/section_handler.go:147.17,150.4 2 1
ProyectoFinal/internal/handler/section/section_handler.go:152.3,152.38 1 1
ProyectoFinal/internal/repository/section/section_mysql.go:17.48,19.2 1 1
ProyectoFinal/internal/repository/section/section_mysql.go:22.59,24.16 2 1
ProyectoFinal/internal/repository/section/section_mysql.go:24.16,27.3 2 1
ProyectoFinal/internal/repository/section/section_mysql.go:28.2,31.18 3 1
ProyectoFinal/internal/repository/section/section_mysql.go:31.18,34.17 3 1
ProyectoFinal/internal/repository/section/section_mysql.go:34.17,37.4 2 1
ProyectoFinal/internal/repository/section/section_mysql.go:38.3,38.33 1 1
ProyectoFinal/internal/repository/section/section_mysql.go:40.2,40.22 1 1
ProyectoFinal/internal/repository/section/section_mysql.go:45.64,50.16 3 1
ProyectoFinal/internal/repository/section/section_mysql.go:50.16,51.36 1 1
ProyectoFinal/internal/repository/section/section_mysql.go:51.36,54.4 2 1
ProyectoFinal/internal/repository/section/section_mysql.go:55.3,55.16 1 1
ProyectoFinal/internal/repository/section/section_mysql.go:57.2,57.15 1 1
ProyectoFinal/internal/repository/section/section_mysql.go:62.79,64.16 2 1
ProyectoFinal/internal/repository/section/section_mysql.go:64.16,67.3 2 1
ProyectoFinal/internal/repository/section/section_mysql.go:68.2,68.15 1 1
ProyectoFinal/internal/repository/section/section_mysql.go:68.15,69.17 1 1
ProyectoFinal/internal/repository/section/section_mysql.go:69.17,71.4 1 1
ProyectoFinal/internal/repository/section/section_mysql.go:73.2,75.16 2 1
ProyectoFinal/internal/repository/section/section_mysql.go:75.16,79.3 3 1
ProyectoFinal/internal/repository/section/section_mysql.go:80.2,81.16 2 1
ProyectoFinal/internal/repository/section/section_mysql.go:81.16,85.3 3 1
ProyectoFinal/internal/repository/section/section_mysql.go:86.2,87.36 2 1
ProyectoFinal/internal/repository/section/section_mysql.go:87.36,90.3 2 1
ProyectoFinal/internal/repository/section/section_mysql.go:91.2,91.21 1 1
ProyectoFinal/internal/repository/section/section_mysql.go:96.87,98.16 2 1
ProyectoFinal/internal/repository/section/section_mysql.go:98.16,100.3 1 1
ProyectoFinal/internal/repository/section/section_mysql.go:101.2,101.15 1 1
ProyectoFinal/internal/repository/section/section_mysql.go:101.15,102.17 1 1
ProyectoFinal/internal/repository/section/section_mysql.go:102.17,104.4 1 1
ProyectoFinal/internal/repository/section/section_mysql.go:106.2,108.16 2 1
ProyectoFinal/internal/repository/section/section_mysql.go:108.16,111.3 2 1
ProyectoFinal/internal/repository/section/section_mysql.go:112.2,112.36 1 1
ProyectoFinal/internal/repository/section/section_mysql.go:112.36,114.3 1 1
ProyectoFinal/internal/repository/section/section_mysql.go:115.2,116.21 2 1
ProyectoFinal/internal/repository/section/section_mysql.go:120.45,122.16 2 1
ProyectoFinal/internal/repository/section/section_mysql.go:122.16,124.3 1 1
ProyectoFinal/internal/repository/section/section_mysql.go:125.2,125.15 1 1
ProyectoFinal/internal/repository/section/section_mysql.go:125.15,126.17 1 1
ProyectoFinal/internal/repository/section/section_mysql.go:126.17,128.4 1 1
ProyectoFinal/internal/repository/section/section_mysql.go:130.2,131.16 2 1
ProyectoFinal/internal/repository/section/section_mysql.go:131.16,134.3 2 1
ProyectoFinal/internal/repository/section/section_mysql.go:135.2,135.20 1 1
ProyectoFinal/internal/repository/section/section_mysql.go:140.72,144.2 3 1
ProyectoFinal/internal/service/section/section_default.go:12.73,14.2 1 1
ProyectoFinal/internal/service/section/section_default.go:22.74,24.16 2 1
ProyectoFinal/internal/service/section/section_default.go:24.16,26.3 1 0
ProyectoFinal/internal/service/section/section_default.go:27.2,27.22 1 1
ProyectoFinal/internal/service/section/section_default.go:32.78,34.16 2 1
ProyectoFinal/internal/service/section/section_default.go:34.16,36.3 1 1
ProyectoFinal/internal/service/section/section_default.go:37.2,37.21 1 1
ProyectoFinal/internal/service/section/section_default.go:42.100,44.16 2 1
ProyectoFinal/internal/service/section/section_default.go:44.16,46.3 1 1
ProyectoFinal/internal/service/section/section_default.go:47.2,47.28 1 1
ProyectoFinal/internal/service/section/section_default.go:53.108,55.16 2 1
ProyectoFinal/internal/service/section/section_default.go:55.16,57.3 1 1
ProyectoFinal/internal/service/section/section_default.go:59.2,61.16 3 1
ProyectoFinal/internal/service/section/section_default.go:61.16,63.3 1 0
ProyectoFinal/internal/service/section/section_default.go:64.2,64.28 1 1
ProyectoFinal/internal/service/section/section_default.go:69.53,71.16 2 1
ProyectoFinal/internal/service/section/section_default.go:71.16,73.3 1 1
ProyectoFinal/internal/service/section/section_default.go:75.2,76.16 2 1
ProyectoFinal/internal/service/section/section_default.go:76.16,78.3 1 0
ProyectoFinal/internal/service/section/section_default.go:79.2,79.12 1 1
ProyectoFinal/internal/service/section/section_default.go:85.141,88.16 2 1
ProyectoFinal/internal/service/section/section_default.go:88.16,90.3 1 1
ProyectoFinal/internal/service/section/section_default.go:93.2,93.79 1 1
ProyectoFinal/internal/service/section/section_default.go:93.79,95.3 1 0
ProyectoFinal/internal/service/section/section_default.go:98.2,100.16 3 1
ProyectoFinal/internal/service/section/section_default.go:100.16,102.3 1 0
ProyectoFinal/internal/service/section/section_default.go:104.2,104.28 1 1
